=== git version ===
git version 2.34.1

=== [FACT] the worktree's .git is a FILE, not a directory ===
-rw-r--r-- 1 agent agent 58 Jul 14 21:59 /tmp/fg559-p1/host/dotforge/worktrees/run1/task1/.git
--- its content:
gitdir: /tmp/fg559-p1/host/code/proj/.git/worktrees/task1
--- git's own view from inside the worktree:
  --git-dir        = /tmp/fg559-p1/host/code/proj/.git/worktrees/task1
  --git-common-dir = /tmp/fg559-p1/host/code/proj/.git

=== [FACT] what lives in the per-worktree gitdir vs the common dir ===
--- $REPO/.git/worktrees/task1/ (per-worktree: HEAD, index, logs):
HEAD
ORIG_HEAD
commondir
gitdir
index
logs
--- commondir file points back to the shared .git:
../..
--- OBJECTS + REFS live ONLY in the common dir (never in the worktree):
/tmp/fg559-p1/host/code/proj/.git/objects
/tmp/fg559-p1/host/code/proj/.git/refs
--- the worktree dir itself contains NO objects:
  object-store entries under worktree: 0

==================== MOUNT SET EXPERIMENTS ====================
(container's /project = the worktree dir; parent repo path is otherwise absent)

SET 0 — TODAY'S SHAPE: worktree dir only, nothing else mounted  [EXPECT: total failure]
--- set0 (today)
      git log  -> FAIL: fatal: not a git repository: /tmp/fg559-p1/host/code/proj/.git/worktrees
      git diff  -> FAIL: fatal: not a git repository: /tmp/fg559-p1/host/code/proj/.git/worktrees
      git show  -> FAIL: fatal: not a git repository: /tmp/fg559-p1/host/code/proj/.git/worktrees
      git blame  -> FAIL: fatal: not a git repository: /tmp/fg559-p1/host/code/proj/.git/worktrees
      git status  -> FAIL: fatal: not a git repository: /tmp/fg559-p1/host/code/proj/.git/worktrees
      git diff  -> FAIL: fatal: not a git repository: /tmp/fg559-p1/host/code/proj/.git/worktrees

SET 1 — + .git/worktrees/task1 ONLY (the gitdir target, no object store)
--- set1 (gitdir target, no objects)
      git log  -> FAIL: fatal: not a git repository: /tmp/fg559-p1/host/code/proj/.git/worktrees
      git diff  -> FAIL: fatal: not a git repository: /tmp/fg559-p1/host/code/proj/.git/worktrees
      git show  -> FAIL: fatal: not a git repository: /tmp/fg559-p1/host/code/proj/.git/worktrees
      git blame  -> FAIL: fatal: not a git repository: /tmp/fg559-p1/host/code/proj/.git/worktrees
      git status  -> FAIL: fatal: not a git repository: /tmp/fg559-p1/host/code/proj/.git/worktrees
      git diff  -> FAIL: fatal: not a git repository: /tmp/fg559-p1/host/code/proj/.git/worktrees

SET 2 — + objects  (gitdir target + object store, no refs/config/HEAD)
--- set2 (+objects)
      git log  -> FAIL: fatal: not a git repository: /tmp/fg559-p1/host/code/proj/.git/worktrees
      git diff  -> FAIL: fatal: not a git repository: /tmp/fg559-p1/host/code/proj/.git/worktrees
      git show  -> FAIL: fatal: not a git repository: /tmp/fg559-p1/host/code/proj/.git/worktrees
      git blame  -> FAIL: fatal: not a git repository: /tmp/fg559-p1/host/code/proj/.git/worktrees
      git status  -> FAIL: fatal: not a git repository: /tmp/fg559-p1/host/code/proj/.git/worktrees
      git diff  -> FAIL: fatal: not a git repository: /tmp/fg559-p1/host/code/proj/.git/worktrees

SET 3 — + refs + packed-refs + HEAD + config  (the candidate MINIMAL set)
--- set3 (minimal candidate)
      git log  -> OK  (f45c9a3 c2: extend a.txt)
      git diff  -> OK  (diff --git a/a.txt b/a.txt)
      git show  -> OK  (commit f45c9a32d5dc067b24227a4695523302c9ec536b)
      git blame  -> OK  (^617e593 (forge             2026-07-14 21:59:20 +000)
      git status  -> OK  ( M a.txt)
      git diff  -> OK  (diff --git a/a.txt b/a.txt)

SET 4 — the ENTIRE parent .git  [EXPECT: full success]
--- set4 (whole .git)
      git log  -> OK  (f45c9a3 c2: extend a.txt)
      git diff  -> OK  (diff --git a/a.txt b/a.txt)
      git show  -> OK  (commit f45c9a32d5dc067b24227a4695523302c9ec536b)
      git blame  -> OK  (^617e593 (forge             2026-07-14 21:59:20 +000)
      git status  -> OK  ( M a.txt)
      git diff  -> OK  (diff --git a/a.txt b/a.txt)

SET 5 — whole parent .git, mounted READ-ONLY (the RED-agent shape)
--- set5 (whole .git, ro)
      git log  -> OK  (f45c9a3 c2: extend a.txt)
      git diff  -> OK  (diff --git a/a.txt b/a.txt)
      git show  -> OK  (commit f45c9a32d5dc067b24227a4695523302c9ec536b)
      git blame  -> OK  (^617e593 (forge             2026-07-14 21:59:20 +000)
      git status  -> OK  ( M a.txt)
      git diff  -> OK  (diff --git a/a.txt b/a.txt)

=== SHAs used: A=617e59305f1adfb08fad6e63f998080d4ea38f36 B=f45c9a32d5dc067b24227a4695523302c9ec536b ===
=== done ===
